// Jest Snapshot v1, https://goo.gl/fbAQLP

exports[`Track to match snapshot 1`] = `
<div
  class="range-slider__track"
>
  <div
    class="range-slider__progress"
  >
    <div
      class="range-slider__progress__segment"
      style="left: 25%; right: 25%; background-color: rgb(133, 133, 133);"
    />
    <div
      class="range-slider__progress__segment"
      style="left: 25%; right: 25%; background-color: rgb(133, 133, 133);"
    />
  </div>
  <div
    class="range-slider__thumb"
  >
    <div
      class="range-slider__thumb__item"
      style="left: 25%; background-color: rgb(133, 133, 133);"
    >
      <div
        class="range-slider__thumb__item__marker"
        style="color: rgb(133, 133, 133);"
      >
        marker text
      </div>
    </div>
    <div
      class="range-slider__thumb__item"
      style="left: 25%; background-color: rgb(133, 133, 133);"
    >
      <div
        class="range-slider__thumb__item__marker"
        style="color: rgb(133, 133, 133);"
      >
        marker text
      </div>
    </div>
  </div>
</div>
`;
